Before.ump:8: error: incompatible types: String cannot be converted to int
    int a = "";
            ^
1 error