java.lang.ArithmeticException: / by zero
    at cruise.runtime.Before.setFoo(Before.ump:9)
    at cruise.runtime.Before.main(Before.ump:14)