java.lang.ArithmeticException: / by zero
    at cruise.runtime.BeforeCustomInOriginal.foo(BeforeCustomInOriginal.ump:17)
    at cruise.runtime.BeforeCustomInOriginal.main(BeforeCustomInOriginal.ump:12)