java.lang.ArithmeticException: / by zero
    at cruise.runtime.AbstractClassOneFile.DivideByZero(ExtendsClassOneFile.ump:10)
    at cruise.runtime.ExtendsClassOneFile.main(ExtendsClassOneFile.ump:24)