java.lang.ArithmeticException: / by zero
    at cruise.runtime.AbstractClass.DivideByZero(AbstractClass.ump:10)
    at cruise.runtime.ExtendsClassExternal.main(ExtendsClassExternal.ump:16)