java.lang.ArithmeticException: / by zero
    at cruise.runtime.AbstractClass.DivideByZero(AbstractClass.ump:10)
    at cruise.runtime.ExtendsClassUse.main(ExtendsClassUse.ump:16)