java.lang.ArithmeticException: / by zero
    at cruise.runtime.FunctionWithException.throwsException(FunctionWithException.ump:16)
    at cruise.runtime.FunctionWithException.main(FunctionWithException.ump:8)