java.lang.ArithmeticException: / by zero
    at cruise.runtime.InAfterCustomMultipleReturns.foo(InAfterCustomMultipleReturns.ump:7)
    at cruise.runtime.InAfterCustomMultipleReturns.main(InAfterCustomMultipleReturns.ump:12)