java.lang.ArithmeticException: / by zero
    at cruise.runtime.InAfterCustom.foo(InAfterCustom.ump:7)
    at cruise.runtime.InAfterCustom.main(InAfterCustom.ump:12)