java.lang.ArrayIndexOutOfBoundsException: 1
    at cruise.runtime.InMain.main(InMain.ump:10)