java.lang.ArithmeticException: / by zero
    at cruise.runtime.SameFunctionFirst.divideByZero(SameFunctionFirst.ump:17)
    at cruise.runtime.SameFunctionFirst.main(SameFunctionFirst.ump:9)